// Jest Snapshot v1, https://goo.gl/fbAQLP

exports[`SummarySection should render correctly 1`] = `"<div><h4>New Entities</h4><ol class=\\"list-group\\"><li class=\\"d-flex justify-content-between align-items-start list-group-item\\"><div class=\\"ms-2 me-auto\\"><div class=\\"font-weight-bold\\">EditionGroups</div><span class=\\"entities-preview\\">undefined</span></div><span bg=\\"primary\\" class=\\"badge badge-pill\\">1</span></li><li class=\\"d-flex justify-content-between align-items-start list-group-item\\"><div class=\\"ms-2 me-auto\\"><div class=\\"font-weight-bold\\">Editions</div><span class=\\"entities-preview\\">undefined</span></div><span bg=\\"primary\\" class=\\"badge badge-pill\\">1</span></li><li class=\\"d-flex justify-content-between align-items-start list-group-item\\"><div class=\\"ms-2 me-auto\\"><div class=\\"font-weight-bold\\">Works</div><span class=\\"entities-preview\\">Dummy</span></div><span bg=\\"primary\\" class=\\"badge badge-pill\\">1</span></li></ol></div>"`;
